<div class="mt-2 relative rounded-md shadow-sm"><input class="block w-full border rounded-md py-2 px-3 focus:outline-none dark:bg-gray-700/50 dark:border-gray-500 dark:text-gray-300 dark:placeholder-gray-400 dark:focus:ring-2 dark:focus:border-transparent border-gray-300 focus:ring-blue-600 focus:border-blue-600 dark:focus:ring-blue-400" type="date" name="user[created_at]" id="user_created_at" /></div><div class="mt-2 text-sm text-red-600 dark:text-red-500 hidden"></div>