<div class="mt-2 relative rounded-md shadow-xs"><input class="block w-full border rounded-md py-2 px-3 focus:outline-hidden dark:bg-gray-700/50 dark:border-gray-500 dark:text-gray-300 dark:placeholder-gray-400 dark:focus:ring-2 dark:focus:border-transparent border-gray-300 focus:ring-blue-600 focus:border-blue-600 dark:focus:ring-blue-400" type="password" name="user[password]" id="user_password" /></div>