<div class="mt-2 relative rounded-md shadow-sm"><div>{:class=&gt;&quot;pointer-events-none absolute inset-y-0 left-0 flex items-center pl-3&quot;}</div><input leading_icon="true" class="block w-full border rounded-md py-2 px-3 focus:outline-none dark:bg-gray-700/50 dark:border-gray-500 dark:text-gray-300 dark:placeholder-gray-400 dark:focus:ring-2 dark:focus:border-transparent border-gray-300 focus:ring-blue-600 focus:border-blue-600 dark:focus:ring-blue-400 pl-10" type="text" name="user[username]" id="user_username" /></div><div class="mt-2 text-sm text-red-600 dark:text-red-500 hidden"></div>